PCB statistics report
=====================
- Date: Friday, July 10, 2026 at 07:23:38 PM
- Project: test_meta
- Board name: test_meta

Board
-----
- Dimensions: unknown
- Area: unknown
- Front copper area: 0.00 mm²
- Back copper area: 0.00 mm²
- Min track clearance: 2147.4836 mm
- Min track width: 2147.4836 mm
- Min drill diameter: 2147.4836 mm
- Board stackup thickness: 1.6000 mm

- Front footprint area: 0.00 mm²
- Back footprint area: 0.00 mm²
- Front component density: unknown
- Back component density: unknown
Pads
----
- Through hole: 0
- SMD: 0
- Connector: 0
- NPTH: 0
- Castellated: 0
- Press-fit: 0

Vias
----
- Through vias: 0
- Blind vias: 0
- Buried vias: 0
- Micro vias: 0

Components
----------

|              | Front Side | Back Side | Total |
|--------------|------------|-----------|-------|
|THT:          |          0 |         0 |     0 |
|SMD:          |          0 |         0 |     0 |
|Unspecified:  |          0 |         0 |     0 |
|Total:        |          0 |         0 |     0 |

Drill holes
-----------

| Count | Shape | X Size | Y Size | Plated | Via/Pad | Start Layer | Stop Layer |
|-------|-------|--------|--------|--------|---------|-------------|------------|
